Test cases for 2-say_my_name module

>>> say_my_name = __import__('3-say_my_name').say_my_name

>>> say_my_name("Jubril", "Tayo")
My name is Jubril Tayo

>>> say_my_name(3, "Tayo")
Traceback (most recent call last):
TypeError: first_name must be a string

>>> say_my_name("Jubril", [1,2,3])
Traceback (most recent call last):
TypeError: last_name must be a string

>>> say_my_name("Jubril")
My name is Jubril 

>>> say_my_name()
Traceback (most recent call last):
TypeError: say_my_name() missing 1 required positional argument: 'first_name'